// Jest Snapshot v1, https://goo.gl/fbAQLP

exports[`<App /> matches the snap shot 1`] = `
<ContextProvider>
  <App>
    <HashRouter
      basename="/"
    >
      <Router
        history={
          Object {
            "action": "POP",
            "block": [Function],
            "createHref": [Function],
            "go": [Function],
            "goBack": [Function],
            "goForward": [Function],
            "length": 1,
            "listen": [Function],
            "location": Object {
              "hash": "",
              "pathname": "/",
              "search": "",
              "state": undefined,
            },
            "push": [Function],
            "replace": [Function],
          }
        }
      >
        <h3
          className="title"
        >
          I'm the app component 
          5
        </h3>
        <h2>
          Hey there
        </h2>
        <h3 />
        <SubTitle>
          <h4 />
        </SubTitle>
        <div
          style={
            Object {
              "height": "20 rem !important",
              "width": "50%",
            }
          }
        >
          <DiscussionEmbed
            height={320}
            shortname="example"
            showMedia={true}
            showParentComment={true}
            width={420}
          >
            <div
              height={320}
              id="disqus_thread"
              shortname="example"
              showMedia={true}
              showParentComment={true}
              width={420}
            />
          </DiscussionEmbed>
        </div>
        <Switch />
      </Router>
    </HashRouter>
  </App>
</ContextProvider>
`;
