// Jest Snapshot v1, https://goo.gl/fbAQLP

exports[`<App /> matches the snap shot 1`] = `
<ContextProvider>
  <App>
    <HashRouter
      basename="/"
    >
      <Router
        history={
          Object {
            "action": "POP",
            "block": [Function],
            "createHref": [Function],
            "go": [Function],
            "goBack": [Function],
            "goForward": [Function],
            "length": 1,
            "listen": [Function],
            "location": Object {
              "hash": "",
              "pathname": "/",
              "search": "",
              "state": undefined,
            },
            "push": [Function],
            "replace": [Function],
          }
        }
      >
        <h3
          className="title"
        >
          I'm the app component 
          5
        </h3>
        <h2>
          Hey there
        </h2>
        <h3 />
        <SubTitle>
          <h4 />
        </SubTitle>
        <Switch />
      </Router>
    </HashRouter>
  </App>
</ContextProvider>
`;
